*****************************************************************
      SolidWorks Corporation - IGES Processor Status Report
*****************************************************************
=================================================================
General Information
=================================================================
Sending System Product I.D.  : Open CASCADE IGES processor 6.8
Receiving System Product I.D.: 
File Name                    : Filename.iges
Sending System               : Open CASCADE 6.8
Preprocessor Version         : Open CASCADE IGES processor 6.8
File Creation Date           : 20161103.170405
Model Creation Date          : 20161103.170405
Units                        : MM
Model Space Scale            : 1
Author                       : 
Organization                 : 


=================================================================
Entity Processing Information
=================================================================


=================================================================
Precision analysis of IGES file:
=================================================================


=================================================================
Entity Summary
=================================================================
-----------------------------------------------------------------
Type Name                                         Count Converted
---- ----                                         ----- ---------
402  Associativity instance                           1         1
_________________________________________________________________


=================================================================
Result Summary
=================================================================
SolidWorks Feature Type                Count
-----------------------                -----
Solid feature(s)                       0
Surface feature(s)                     0
Curve/Sketch feature(s)                0
--------------------------------------------
Start time: Thursday, November 03, 2016 17:57:27
Finish time: Thursday, November 03, 2016 17:57:27
Processing time: 0 days, 00 hours, 00 mins, 00 secs
